
> frontend@0.1.0 dev
> next dev -p 3006

▲ Next.js 16.1.6 (Turbopack)
- Local:         http://localhost:3006
- Network:       http://192.168.1.3:3006

✓ Starting...
✓ Ready in 823ms
 GET /login 200 in 2.6s (compile: 2.4s, render: 151ms)
(node:36952) [DEP0060] DeprecationWarning: The `util._extend` API is deprecated. Please use Object.assign() instead.
(Use `node --trace-deprecation ...` to show where the warning was created)
 GET / 200 in 562ms (compile: 532ms, render: 30ms)
 GET /login 200 in 29ms (compile: 4ms, render: 26ms)
 GET /login 200 in 32ms (compile: 4ms, render: 28ms)
 GET /dashboard/patients 200 in 678ms (compile: 620ms, render: 59ms)
 GET /dashboard 200 in 797ms (compile: 754ms, render: 43ms)
 GET /dashboard 200 in 24ms (compile: 5ms, render: 19ms)
 GET /login 200 in 59ms (compile: 6ms, render: 53ms)
 GET /dashboard/appointments 200 in 597ms (compile: 572ms, render: 25ms)
 GET /dashboard/medications 200 in 621ms (compile: 594ms, render: 27ms)
 GET /login 200 in 40ms (compile: 5ms, render: 36ms)
 GET /dashboard 200 in 34ms (compile: 3ms, render: 31ms)
