Traceback (most recent call last):
  File "C:\Users\khalo\ai healthcare\backend\app\api\v1\endpoints\auth.py", line 19, in <module>
    logger.info("Using Redis rate limiter")
    ^^^^^^
NameError: name 'logger' is not defined

During handling of the above exception, another exception occurred:

Traceback (most recent call last):
  File "<frozen runpy>", line 203, in _run_module_as_main
  File "<frozen runpy>", line 88, in _run_code
  File "C:\Users\khalo\AppData\Local\Python\pythoncore-3.14-64\Lib\site-packages\uvicorn\__main__.py", line 4, in <module>
    uvicorn.main()
    ~~~~~~~~~~~~^^
  File "C:\Users\khalo\AppData\Local\Python\pythoncore-3.14-64\Lib\site-packages\click\core.py", line 1514, in __call__
    return self.main(*args, **kwargs)
           ~~~~~~~~~^^^^^^^^^^^^^^^^^
  File "C:\Users\khalo\AppData\Local\Python\pythoncore-3.14-64\Lib\site-packages\click\core.py", line 1435, in main
    rv = self.invoke(ctx)
  File "C:\Users\khalo\AppData\Local\Python\pythoncore-3.14-64\Lib\site-packages\click\core.py", line 1298, in invoke
    return ctx.invoke(self.callback, **ctx.params)
           ~~~~~~~~~~^^^^^^^^^^^^^^^^^^^^^^^^^^^^^
  File "C:\Users\khalo\AppData\Local\Python\pythoncore-3.14-64\Lib\site-packages\click\core.py", line 853, in invoke
    return callback(*args, **kwargs)
  File "C:\Users\khalo\AppData\Local\Python\pythoncore-3.14-64\Lib\site-packages\uvicorn\main.py", line 441, in main
    run(
    ~~~^
        app,
        ^^^^
    ...<48 lines>...
        reset_contextvars=reset_contextvars,
        ^^^^^^^^^^^^^^^^^^^^^^^^^^^^^^^^^^^^
    )
    ^
  File "C:\Users\khalo\AppData\Local\Python\pythoncore-3.14-64\Lib\site-packages\uvicorn\main.py", line 617, in run
    server.run()
    ~~~~~~~~~~^^
  File "C:\Users\khalo\AppData\Local\Python\pythoncore-3.14-64\Lib\site-packages\uvicorn\server.py", line 75, in run
    return asyncio_run(self.serve(sockets=sockets), loop_factory=self.config.get_loop_factory())
  File "C:\Users\khalo\AppData\Local\Python\pythoncore-3.14-64\Lib\asyncio\runners.py", line 204, in run
    return runner.run(main)
           ~~~~~~~~~~^^^^^^
  File "C:\Users\khalo\AppData\Local\Python\pythoncore-3.14-64\Lib\asyncio\runners.py", line 127, in run
    return self._loop.run_until_complete(task)
           ~~~~~~~~~~~~~~~~~~~~~~~~~~~~~^^^^^^
  File "C:\Users\khalo\AppData\Local\Python\pythoncore-3.14-64\Lib\asyncio\base_events.py", line 719, in run_until_complete
    return future.result()
           ~~~~~~~~~~~~~^^
  File "C:\Users\khalo\AppData\Local\Python\pythoncore-3.14-64\Lib\site-packages\uvicorn\server.py", line 79, in serve
    await self._serve(sockets)
  File "C:\Users\khalo\AppData\Local\Python\pythoncore-3.14-64\Lib\site-packages\uvicorn\server.py", line 86, in _serve
    config.load()
    ~~~~~~~~~~~^^
  File "C:\Users\khalo\AppData\Local\Python\pythoncore-3.14-64\Lib\site-packages\uvicorn\config.py", line 449, in load
    self.loaded_app = import_from_string(self.app)
                      ~~~~~~~~~~~~~~~~~~^^^^^^^^^^
  File "C:\Users\khalo\AppData\Local\Python\pythoncore-3.14-64\Lib\site-packages\uvicorn\importer.py", line 19, in import_from_string
    module = importlib.import_module(module_str)
  File "C:\Users\khalo\AppData\Local\Python\pythoncore-3.14-64\Lib\importlib\__init__.py", line 88, in import_module
    return _bootstrap._gcd_import(name[level:], package, level)
           ~~~~~~~~~~~~~~~~~~~~~~^^^^^^^^^^^^^^^^^^^^^^^^^^^^^^
  File "<frozen importlib._bootstrap>", line 1406, in _gcd_import
  File "<frozen importlib._bootstrap>", line 1371, in _find_and_load
  File "<frozen importlib._bootstrap>", line 1342, in _find_and_load_unlocked
  File "<frozen importlib._bootstrap>", line 938, in _load_unlocked
  File "<frozen importlib._bootstrap_external>", line 759, in exec_module
  File "<frozen importlib._bootstrap>", line 491, in _call_with_frames_removed
  File "C:\Users\khalo\ai healthcare\backend\app\main.py", line 13, in <module>
    from app.api.v1.api import api_router
  File "C:\Users\khalo\ai healthcare\backend\app\api\v1\api.py", line 2, in <module>
    from .endpoints import auth, diagnosis, records, patients, appointments
  File "C:\Users\khalo\ai healthcare\backend\app\api\v1\endpoints\auth.py", line 21, in <module>
    logger.warning(f"Redis not available, falling back to file-based: {e}")
    ^^^^^^
NameError: name 'logger' is not defined
